2025-11-13 19:43:56.701 xcodebuild[72053:7205108]  DVTFilePathFSEvents: Failed to start fs event stream.
2025-11-13 19:43:56.972 xcodebuild[72053:7205104] [MT] DVTDeveloperPaths: Failed to get length of DARWIN_USER_CACHE_DIR from confstr(3), error = Error Domain=NSPOSIXErrorDomain Code=5 "Input/output error". Using NSCachesDirectory instead.
2025-11-13 19:43:57.420 xcodebuild[72053:7205107] CoreSimulatorService connection became invalid.  Simulator services will no longer be available.
2025-11-13 19:43:57.420 xcodebuild[72053:7205144] Logging connecton invalid: <OS_xpc_error: <dictionary: 0x205380960> { count = 1, transaction: 0, voucher = 0x0, contents =
	"XPCErrorDescription" => <string: 0x205380aa8> { string cache = 0x0, length = 18, contents = "Connection invalid" }
}>
2025-11-13 19:43:57.420 xcodebuild[72053:7205144] Error opening log file (/Users/joe/Library/Logs/CoreSimulator/CoreSimulator.com.apple.dt.xcodebuild.log): Operation not permitted
[-[SimServiceContext sendRequest:]:1743] ERROR : Unable to deliver request ({
    "developer_dir" = "/Applications/Xcode.app/Contents/Developer";
    request = "set_developer_dir";
}) because we are not connected to CoreSimulatorService.
Command line invocation:
    /Applications/Xcode.app/Contents/Developer/usr/bin/xcodebuild -scheme MultiGen -derivedDataPath ./DerivedData CODE_SIGNING_ALLOWED=NO -destination platform=macOS,arch=arm64 build

Build settings from command line:
    CODE_SIGNING_ALLOWED = NO

2025-11-13 19:43:57.476 xcodebuild[72053:7205104] [MT] DVTAssertions: Warning in DVTFrameworks/DVTFoundation/FileTypes/DVTFileDataTypeDetection.m:79
Details:  detectedTypeIdentifier (com.apple.binary-property-list) does not conform to matchedTypeIdentifier in MagicFileDataTypeDetector extenson com.apple.property-list. When both are specified, this conformance is required unless overridden by setting allowNonInheritance. extension.identifier:Xcode.MagicFileDataTypeDetector.BinaryPlist
Object:   <DVTFileDataTypeDetectionMagicCache: 0xba64e09c0>
Method:   -initWithExtension:
Thread:   <_NSMainThread: 0x104e3a370>{number = 1, name = main}
Please file a bug at https://feedbackassistant.apple.com with this warning message and any useful information you can provide.
2025-11-13 19:43:57.478 xcodebuild[72053:7205104] [MT] DVTAssertions: Warning in DVTFrameworks/DVTFoundation/FileTypes/DVTFileDataTypeDetection.m:79
Details:  detectedTypeIdentifier (com.apple.xml-property-list) does not conform to matchedTypeIdentifier in MagicFileDataTypeDetector extenson com.apple.property-list. When both are specified, this conformance is required unless overridden by setting allowNonInheritance. extension.identifier:Xcode.MagicFileDataTypeDetector.XMLPlist
Object:   <DVTFileDataTypeDetectionMagicCache: 0xba64e1d70>
Method:   -initWithExtension:
Thread:   <_NSMainThread: 0x104e3a370>{number = 1, name = main}
Please file a bug at https://feedbackassistant.apple.com with this warning message and any useful information you can provide.
[-[SimServiceContext initWithDeveloperDir:connectionType:error:]:450] WARN  : Unable to discover any Simulator runtimes. Developer Directory is /Applications/Xcode.app/Contents/Developer.
[-[SimDiskImageManager init]:175] ERROR : Could not kickstart simdiskimaged; SimDiskImageManager services will not be available: Error Domain=NSPOSIXErrorDomain Code=53 "Software caused connection abort" UserInfo={NSLocalizedDescription=Error returned in reply from CoreSimulatorService: Connection invalid}
[-[SimDiskImageManager _onQueue_checkConnection:]:239] ERROR : simdiskimaged returned error (invalid), marking disconnected.
[-[SimDiskImageManager _onQueue_checkConnection:]:239] ERROR : simdiskimaged returned error (invalid), marking disconnected.
[-[SimServiceContext initWithDeveloperDir:connectionType:error:]_block_invoke:486] ERROR : Could not get list of trusted mount directories: Error Domain=com.apple.CoreSimulator.SimError Code=410 "The service used to manage runtime disk images (simdiskimaged) crashed or is not responding" UserInfo={NSLocalizedDescription=The service used to manage runtime disk images (simdiskimaged) crashed or is not responding}
[-[SimServiceContext sendRequest:reply:error:]:1763] ERROR : Unable to deliver request ({
    request = "notification_subscription";
    "set_path" = "/Users/joe/Library/Developer/CoreSimulator/Devices";
}) because we are not connected to CoreSimulatorService.
2025-11-13 19:43:57.566 xcodebuild[72053:7205143] Error Domain=NSPOSIXErrorDomain Code=61 "Connection refused" UserInfo={NSLocalizedDescription=CoreSimulatorService connection became invalid.  Simulator services will no longer be available.}
[-[SimServiceContext sendRequest:reply:error:]:1763] ERROR : Unable to deliver request ({
    request = "notification_subscription";
    "set_path" = "/Users/joe/Library/Developer/CoreSimulator/Devices";
}) because we are not connected to CoreSimulatorService.
2025-11-13 19:43:57.568 xcodebuild[72053:7205143]  iOSSimulator: [SimServiceContext defaultDeviceSetWithError:] returned nil (Error Domain=NSPOSIXErrorDomain Code=61 "Connection refused" UserInfo={NSLocalizedFailureReason=Failed to subscribe to notifications from CoreSimulatorService., NSLocalizedDescription=Failed to initialize simulator device set., NSUnderlyingError=0xba66dc810 {Error Domain=NSPOSIXErrorDomain Code=61 "Connection refused" UserInfo={NSLocalizedDescription=CoreSimulatorService connection became invalid.  Simulator services will no longer be available.}}}). Simulator device support disabled.
2025-11-13 19:43:57.568 xcodebuild[72053:7205108] Error Domain=NSPOSIXErrorDomain Code=61 "Connection refused" UserInfo={NSLocalizedDescription=CoreSimulatorService connection became invalid.  Simulator services will no longer be available.}
2025-11-13 19:43:57.569 xcodebuild[72053:7205108]  IDESimulatorAvailability: startObservingSimulatorUpdates() FAILED to register SimDeviceSet observer
2025-11-13 19:43:57.902 xcodebuild[72053:7205104] [MT] IDERunDestination: Supported platforms for the buildables in the current scheme is empty.
ComputePackagePrebuildTargetDependencyGraph

Prepare packages

CreateBuildRequest

SendProjectDescription

CreateBuildOperation

ComputeTargetDependencyGraph
note: Building targets in dependency order
note: Target dependency graph (1 target)
    Target 'MultiGen' in project 'MultiGen' (no dependencies)

GatherProvisioningInputs

CreateBuildDescription

ExecuteExternalTool /Applications/Xcode.app/Contents/Developer/Toolchains/XcodeDefault.xctoolchain/usr/bin/clang -v -E -dM -isysroot /Applications/Xcode.app/Contents/Developer/Platforms/MacOSX.platform/Developer/SDKs/MacOSX26.0.sdk -x c -c /dev/null

ExecuteExternalTool /Applications/Xcode.app/Contents/Developer/usr/bin/actool --version --output-format xml1

ExecuteExternalTool /Applications/Xcode.app/Contents/Developer/Toolchains/XcodeDefault.xctoolchain/usr/bin/swiftc --version

ExecuteExternalTool /Applications/Xcode.app/Contents/Developer/Toolchains/XcodeDefault.xctoolchain/usr/bin/ld -version_details

Build description signature: 03a8d830b6bd800c335a6a295e28790d
Build description path: /Users/joe/Documents/APP/MultiGen/DerivedData/Build/Intermediates.noindex/XCBuildData/03a8d830b6bd800c335a6a295e28790d.xcbuilddata
ClangStatCache /Applications/Xcode.app/Contents/Developer/Toolchains/XcodeDefault.xctoolchain/usr/bin/clang-stat-cache /Applications/Xcode.app/Contents/Developer/Platforms/MacOSX.platform/Developer/SDKs/MacOSX26.0.sdk /Users/joe/Documents/APP/MultiGen/DerivedData/SDKStatCaches.noindex/macosx26.0-25A352-28806144b0707e398aac92880fa50324.sdkstatcache
    cd /Users/joe/Documents/APP/MultiGen/MultiGen.xcodeproj
    /Applications/Xcode.app/Contents/Developer/Toolchains/XcodeDefault.xctoolchain/usr/bin/clang-stat-cache /Applications/Xcode.app/Contents/Developer/Platforms/MacOSX.platform/Developer/SDKs/MacOSX26.0.sdk -o /Users/joe/Documents/APP/MultiGen/DerivedData/SDKStatCaches.noindex/macosx26.0-25A352-28806144b0707e398aac92880fa50324.sdkstatcache
Failed to create FS event stream. Considering the cache up-to-date.

SwiftDriver MultiGen normal arm64 com.apple.xcode.tools.swift.compiler (in target 'MultiGen' from project 'MultiGen')
    cd /Users/joe/Documents/APP/MultiGen
    builtin-SwiftDriver -- /Applications/Xcode.app/Contents/Developer/Toolchains/XcodeDefault.xctoolchain/usr/bin/swiftc -module-name MultiGen -Onone -enforce-exclusivity\=checked @/Users/joe/Documents/APP/MultiGen/DerivedData/Build/Intermediates.noindex/MultiGen.build/Debug/MultiGen.build/Objects-normal/arm64/MultiGen.SwiftFileList -DDEBUG -default-isolation\=MainActor -enable-bare-slash-regex -enable-upcoming-feature DisableOutwardActorInference -enable-upcoming-feature InferSendableFromCaptures -enable-upcoming-feature GlobalActorIsolatedTypesUsability -enable-upcoming-feature MemberImportVisibility -enable-upcoming-feature InferIsolatedConformances -enable-upcoming-feature NonisolatedNonsendingByDefault -enable-experimental-feature DebugDescriptionMacro -sdk /Applications/Xcode.app/Contents/Developer/Platforms/MacOSX.platform/Developer/SDKs/MacOSX26.0.sdk -target arm64-apple-macos26.0 -g -module-cache-path /Users/joe/Documents/APP/MultiGen/DerivedData/ModuleCache.noindex -Xfrontend -serialize-debugging-options -profile-coverage-mapping -profile-generate -enable-testing -index-store-path /Users/joe/Documents/APP/MultiGen/DerivedData/Index.noindex/DataStore -Xcc -D_LIBCPP_HARDENING_MODE\=_LIBCPP_HARDENING_MODE_DEBUG -swift-version 5 -I /Users/joe/Documents/APP/MultiGen/DerivedData/Build/Products/Debug -F /Users/joe/Documents/APP/MultiGen/DerivedData/Build/Products/Debug -emit-localized-strings -emit-localized-strings-path /Users/joe/Documents/APP/MultiGen/DerivedData/Build/Intermediates.noindex/MultiGen.build/Debug/MultiGen.build/Objects-normal/arm64 -c -j10 -enable-batch-mode -incremental -Xcc -ivfsstatcache -Xcc /Users/joe/Documents/APP/MultiGen/DerivedData/SDKStatCaches.noindex/macosx26.0-25A352-28806144b0707e398aac92880fa50324.sdkstatcache -output-file-map /Users/joe/Documents/APP/MultiGen/DerivedData/Build/Intermediates.noindex/MultiGen.build/Debug/MultiGen.build/Objects-normal/arm64/MultiGen-OutputFileMap.json -use-frontend-parseable-output -save-temps -no-color-diagnostics -explicit-module-build -module-cache-path /Users/joe/Documents/APP/MultiGen/DerivedData/Build/Intermediates.noindex/SwiftExplicitPrecompiledModules -clang-scanner-module-cache-path /Users/joe/Documents/APP/MultiGen/DerivedData/ModuleCache.noindex -sdk-module-cache-path /Users/joe/Documents/APP/MultiGen/DerivedData/ModuleCache.noindex -serialize-diagnostics -emit-dependencies -emit-module -emit-module-path /Users/joe/Documents/APP/MultiGen/DerivedData/Build/Intermediates.noindex/MultiGen.build/Debug/MultiGen.build/Objects-normal/arm64/MultiGen.swiftmodule -validate-clang-modules-once -clang-build-session-file /Users/joe/Documents/APP/MultiGen/DerivedData/ModuleCache.noindex/Session.modulevalidation -Xcc -I/Users/joe/Documents/APP/MultiGen/DerivedData/Build/Intermediates.noindex/MultiGen.build/Debug/MultiGen.build/swift-overrides.hmap -emit-const-values -Xfrontend -const-gather-protocols-file -Xfrontend /Users/joe/Documents/APP/MultiGen/DerivedData/Build/Intermediates.noindex/MultiGen.build/Debug/MultiGen.build/Objects-normal/arm64/MultiGen_const_extract_protocols.json -Xcc -iquote -Xcc /Users/joe/Documents/APP/MultiGen/DerivedData/Build/Intermediates.noindex/MultiGen.build/Debug/MultiGen.build/MultiGen-generated-files.hmap -Xcc -I/Users/joe/Documents/APP/MultiGen/DerivedData/Build/Intermediates.noindex/MultiGen.build/Debug/MultiGen.build/MultiGen-own-target-headers.hmap -Xcc -I/Users/joe/Documents/APP/MultiGen/DerivedData/Build/Intermediates.noindex/MultiGen.build/Debug/MultiGen.build/MultiGen-all-target-headers.hmap -Xcc -iquote -Xcc /Users/joe/Documents/APP/MultiGen/DerivedData/Build/Intermediates.noindex/MultiGen.build/Debug/MultiGen.build/MultiGen-project-headers.hmap -Xcc -I/Users/joe/Documents/APP/MultiGen/DerivedData/Build/Products/Debug/include -Xcc -I/Users/joe/Documents/APP/MultiGen/DerivedData/Build/Intermediates.noindex/MultiGen.build/Debug/MultiGen.build/DerivedSources-normal/arm64 -Xcc -I/Users/joe/Documents/APP/MultiGen/DerivedData/Build/Intermediates.noindex/MultiGen.build/Debug/MultiGen.build/DerivedSources/arm64 -Xcc -I/Users/joe/Documents/APP/MultiGen/DerivedData/Build/Intermediates.noindex/MultiGen.build/Debug/MultiGen.build/DerivedSources -Xcc -DDEBUG\=1 -emit-objc-header -emit-objc-header-path /Users/joe/Documents/APP/MultiGen/DerivedData/Build/Intermediates.noindex/MultiGen.build/Debug/MultiGen.build/Objects-normal/arm64/MultiGen-Swift.h -working-directory /Users/joe/Documents/APP/MultiGen -experimental-emit-module-separately -disable-cmo

SwiftCompile normal arm64 Compiling\ CreateView.swift /Users/joe/Documents/APP/MultiGen/MultiGen/Features/Create/CreateView.swift (in target 'MultiGen' from project 'MultiGen')

SwiftCompile normal arm64 /Users/joe/Documents/APP/MultiGen/MultiGen/Features/Create/CreateView.swift (in target 'MultiGen' from project 'MultiGen')
    cd /Users/joe/Documents/APP/MultiGen
    

SwiftEmitModule normal arm64 Emitting\ module\ for\ MultiGen (in target 'MultiGen' from project 'MultiGen')

EmitSwiftModule normal arm64 (in target 'MultiGen' from project 'MultiGen')
    cd /Users/joe/Documents/APP/MultiGen
    

SwiftCompile normal arm64 Compiling\ CreateStore.swift /Users/joe/Documents/APP/MultiGen/MultiGen/Features/Create/CreateStore.swift (in target 'MultiGen' from project 'MultiGen')

SwiftCompile normal arm64 /Users/joe/Documents/APP/MultiGen/MultiGen/Features/Create/CreateStore.swift (in target 'MultiGen' from project 'MultiGen')
    cd /Users/joe/Documents/APP/MultiGen
    

SwiftDriverJobDiscovery normal arm64 Compiling CreateStore.swift (in target 'MultiGen' from project 'MultiGen')

SwiftCompile normal arm64 Compiling\ ContentView.swift /Users/joe/Documents/APP/MultiGen/MultiGen/ContentView.swift (in target 'MultiGen' from project 'MultiGen')

SwiftCompile normal arm64 /Users/joe/Documents/APP/MultiGen/MultiGen/ContentView.swift (in target 'MultiGen' from project 'MultiGen')
    cd /Users/joe/Documents/APP/MultiGen
    

SwiftDriverJobDiscovery normal arm64 Compiling ContentView.swift (in target 'MultiGen' from project 'MultiGen')

SwiftDriverJobDiscovery normal arm64 Compiling CreateView.swift (in target 'MultiGen' from project 'MultiGen')

SwiftDriver\ Compilation MultiGen normal arm64 com.apple.xcode.tools.swift.compiler (in target 'MultiGen' from project 'MultiGen')
    cd /Users/joe/Documents/APP/MultiGen
    builtin-Swift-Compilation -- /Applications/Xcode.app/Contents/Developer/Toolchains/XcodeDefault.xctoolchain/usr/bin/swiftc -module-name MultiGen -Onone -enforce-exclusivity\=checked @/Users/joe/Documents/APP/MultiGen/DerivedData/Build/Intermediates.noindex/MultiGen.build/Debug/MultiGen.build/Objects-normal/arm64/MultiGen.SwiftFileList -DDEBUG -default-isolation\=MainActor -enable-bare-slash-regex -enable-upcoming-feature DisableOutwardActorInference -enable-upcoming-feature InferSendableFromCaptures -enable-upcoming-feature GlobalActorIsolatedTypesUsability -enable-upcoming-feature MemberImportVisibility -enable-upcoming-feature InferIsolatedConformances -enable-upcoming-feature NonisolatedNonsendingByDefault -enable-experimental-feature DebugDescriptionMacro -sdk /Applications/Xcode.app/Contents/Developer/Platforms/MacOSX.platform/Developer/SDKs/MacOSX26.0.sdk -target arm64-apple-macos26.0 -g -module-cache-path /Users/joe/Documents/APP/MultiGen/DerivedData/ModuleCache.noindex -Xfrontend -serialize-debugging-options -profile-coverage-mapping -profile-generate -enable-testing -index-store-path /Users/joe/Documents/APP/MultiGen/DerivedData/Index.noindex/DataStore -Xcc -D_LIBCPP_HARDENING_MODE\=_LIBCPP_HARDENING_MODE_DEBUG -swift-version 5 -I /Users/joe/Documents/APP/MultiGen/DerivedData/Build/Products/Debug -F /Users/joe/Documents/APP/MultiGen/DerivedData/Build/Products/Debug -emit-localized-strings -emit-localized-strings-path /Users/joe/Documents/APP/MultiGen/DerivedData/Build/Intermediates.noindex/MultiGen.build/Debug/MultiGen.build/Objects-normal/arm64 -c -j10 -enable-batch-mode -incremental -Xcc -ivfsstatcache -Xcc /Users/joe/Documents/APP/MultiGen/DerivedData/SDKStatCaches.noindex/macosx26.0-25A352-28806144b0707e398aac92880fa50324.sdkstatcache -output-file-map /Users/joe/Documents/APP/MultiGen/DerivedData/Build/Intermediates.noindex/MultiGen.build/Debug/MultiGen.build/Objects-normal/arm64/MultiGen-OutputFileMap.json -use-frontend-parseable-output -save-temps -no-color-diagnostics -explicit-module-build -module-cache-path /Users/joe/Documents/APP/MultiGen/DerivedData/Build/Intermediates.noindex/SwiftExplicitPrecompiledModules -clang-scanner-module-cache-path /Users/joe/Documents/APP/MultiGen/DerivedData/ModuleCache.noindex -sdk-module-cache-path /Users/joe/Documents/APP/MultiGen/DerivedData/ModuleCache.noindex -serialize-diagnostics -emit-dependencies -emit-module -emit-module-path /Users/joe/Documents/APP/MultiGen/DerivedData/Build/Intermediates.noindex/MultiGen.build/Debug/MultiGen.build/Objects-normal/arm64/MultiGen.swiftmodule -validate-clang-modules-once -clang-build-session-file /Users/joe/Documents/APP/MultiGen/DerivedData/ModuleCache.noindex/Session.modulevalidation -Xcc -I/Users/joe/Documents/APP/MultiGen/DerivedData/Build/Intermediates.noindex/MultiGen.build/Debug/MultiGen.build/swift-overrides.hmap -emit-const-values -Xfrontend -const-gather-protocols-file -Xfrontend /Users/joe/Documents/APP/MultiGen/DerivedData/Build/Intermediates.noindex/MultiGen.build/Debug/MultiGen.build/Objects-normal/arm64/MultiGen_const_extract_protocols.json -Xcc -iquote -Xcc /Users/joe/Documents/APP/MultiGen/DerivedData/Build/Intermediates.noindex/MultiGen.build/Debug/MultiGen.build/MultiGen-generated-files.hmap -Xcc -I/Users/joe/Documents/APP/MultiGen/DerivedData/Build/Intermediates.noindex/MultiGen.build/Debug/MultiGen.build/MultiGen-own-target-headers.hmap -Xcc -I/Users/joe/Documents/APP/MultiGen/DerivedData/Build/Intermediates.noindex/MultiGen.build/Debug/MultiGen.build/MultiGen-all-target-headers.hmap -Xcc -iquote -Xcc /Users/joe/Documents/APP/MultiGen/DerivedData/Build/Intermediates.noindex/MultiGen.build/Debug/MultiGen.build/MultiGen-project-headers.hmap -Xcc -I/Users/joe/Documents/APP/MultiGen/DerivedData/Build/Products/Debug/include -Xcc -I/Users/joe/Documents/APP/MultiGen/DerivedData/Build/Intermediates.noindex/MultiGen.build/Debug/MultiGen.build/DerivedSources-normal/arm64 -Xcc -I/Users/joe/Documents/APP/MultiGen/DerivedData/Build/Intermediates.noindex/MultiGen.build/Debug/MultiGen.build/DerivedSources/arm64 -Xcc -I/Users/joe/Documents/APP/MultiGen/DerivedData/Build/Intermediates.noindex/MultiGen.build/Debug/MultiGen.build/DerivedSources -Xcc -DDEBUG\=1 -emit-objc-header -emit-objc-header-path /Users/joe/Documents/APP/MultiGen/DerivedData/Build/Intermediates.noindex/MultiGen.build/Debug/MultiGen.build/Objects-normal/arm64/MultiGen-Swift.h -working-directory /Users/joe/Documents/APP/MultiGen -experimental-emit-module-separately -disable-cmo

SwiftDriverJobDiscovery normal arm64 Emitting module for MultiGen (in target 'MultiGen' from project 'MultiGen')

SwiftDriver\ Compilation\ Requirements MultiGen normal arm64 com.apple.xcode.tools.swift.compiler (in target 'MultiGen' from project 'MultiGen')
    cd /Users/joe/Documents/APP/MultiGen
    builtin-Swift-Compilation-Requirements -- /Applications/Xcode.app/Contents/Developer/Toolchains/XcodeDefault.xctoolchain/usr/bin/swiftc -module-name MultiGen -Onone -enforce-exclusivity\=checked @/Users/joe/Documents/APP/MultiGen/DerivedData/Build/Intermediates.noindex/MultiGen.build/Debug/MultiGen.build/Objects-normal/arm64/MultiGen.SwiftFileList -DDEBUG -default-isolation\=MainActor -enable-bare-slash-regex -enable-upcoming-feature DisableOutwardActorInference -enable-upcoming-feature InferSendableFromCaptures -enable-upcoming-feature GlobalActorIsolatedTypesUsability -enable-upcoming-feature MemberImportVisibility -enable-upcoming-feature InferIsolatedConformances -enable-upcoming-feature NonisolatedNonsendingByDefault -enable-experimental-feature DebugDescriptionMacro -sdk /Applications/Xcode.app/Contents/Developer/Platforms/MacOSX.platform/Developer/SDKs/MacOSX26.0.sdk -target arm64-apple-macos26.0 -g -module-cache-path /Users/joe/Documents/APP/MultiGen/DerivedData/ModuleCache.noindex -Xfrontend -serialize-debugging-options -profile-coverage-mapping -profile-generate -enable-testing -index-store-path /Users/joe/Documents/APP/MultiGen/DerivedData/Index.noindex/DataStore -Xcc -D_LIBCPP_HARDENING_MODE\=_LIBCPP_HARDENING_MODE_DEBUG -swift-version 5 -I /Users/joe/Documents/APP/MultiGen/DerivedData/Build/Products/Debug -F /Users/joe/Documents/APP/MultiGen/DerivedData/Build/Products/Debug -emit-localized-strings -emit-localized-strings-path /Users/joe/Documents/APP/MultiGen/DerivedData/Build/Intermediates.noindex/MultiGen.build/Debug/MultiGen.build/Objects-normal/arm64 -c -j10 -enable-batch-mode -incremental -Xcc -ivfsstatcache -Xcc /Users/joe/Documents/APP/MultiGen/DerivedData/SDKStatCaches.noindex/macosx26.0-25A352-28806144b0707e398aac92880fa50324.sdkstatcache -output-file-map /Users/joe/Documents/APP/MultiGen/DerivedData/Build/Intermediates.noindex/MultiGen.build/Debug/MultiGen.build/Objects-normal/arm64/MultiGen-OutputFileMap.json -use-frontend-parseable-output -save-temps -no-color-diagnostics -explicit-module-build -module-cache-path /Users/joe/Documents/APP/MultiGen/DerivedData/Build/Intermediates.noindex/SwiftExplicitPrecompiledModules -clang-scanner-module-cache-path /Users/joe/Documents/APP/MultiGen/DerivedData/ModuleCache.noindex -sdk-module-cache-path /Users/joe/Documents/APP/MultiGen/DerivedData/ModuleCache.noindex -serialize-diagnostics -emit-dependencies -emit-module -emit-module-path /Users/joe/Documents/APP/MultiGen/DerivedData/Build/Intermediates.noindex/MultiGen.build/Debug/MultiGen.build/Objects-normal/arm64/MultiGen.swiftmodule -validate-clang-modules-once -clang-build-session-file /Users/joe/Documents/APP/MultiGen/DerivedData/ModuleCache.noindex/Session.modulevalidation -Xcc -I/Users/joe/Documents/APP/MultiGen/DerivedData/Build/Intermediates.noindex/MultiGen.build/Debug/MultiGen.build/swift-overrides.hmap -emit-const-values -Xfrontend -const-gather-protocols-file -Xfrontend /Users/joe/Documents/APP/MultiGen/DerivedData/Build/Intermediates.noindex/MultiGen.build/Debug/MultiGen.build/Objects-normal/arm64/MultiGen_const_extract_protocols.json -Xcc -iquote -Xcc /Users/joe/Documents/APP/MultiGen/DerivedData/Build/Intermediates.noindex/MultiGen.build/Debug/MultiGen.build/MultiGen-generated-files.hmap -Xcc -I/Users/joe/Documents/APP/MultiGen/DerivedData/Build/Intermediates.noindex/MultiGen.build/Debug/MultiGen.build/MultiGen-own-target-headers.hmap -Xcc -I/Users/joe/Documents/APP/MultiGen/DerivedData/Build/Intermediates.noindex/MultiGen.build/Debug/MultiGen.build/MultiGen-all-target-headers.hmap -Xcc -iquote -Xcc /Users/joe/Documents/APP/MultiGen/DerivedData/Build/Intermediates.noindex/MultiGen.build/Debug/MultiGen.build/MultiGen-project-headers.hmap -Xcc -I/Users/joe/Documents/APP/MultiGen/DerivedData/Build/Products/Debug/include -Xcc -I/Users/joe/Documents/APP/MultiGen/DerivedData/Build/Intermediates.noindex/MultiGen.build/Debug/MultiGen.build/DerivedSources-normal/arm64 -Xcc -I/Users/joe/Documents/APP/MultiGen/DerivedData/Build/Intermediates.noindex/MultiGen.build/Debug/MultiGen.build/DerivedSources/arm64 -Xcc -I/Users/joe/Documents/APP/MultiGen/DerivedData/Build/Intermediates.noindex/MultiGen.build/Debug/MultiGen.build/DerivedSources -Xcc -DDEBUG\=1 -emit-objc-header -emit-objc-header-path /Users/joe/Documents/APP/MultiGen/DerivedData/Build/Intermediates.noindex/MultiGen.build/Debug/MultiGen.build/Objects-normal/arm64/MultiGen-Swift.h -working-directory /Users/joe/Documents/APP/MultiGen -experimental-emit-module-separately -disable-cmo

Copy /Users/joe/Documents/APP/MultiGen/DerivedData/Build/Products/Debug/MultiGen.swiftmodule/arm64-apple-macos.swiftmodule /Users/joe/Documents/APP/MultiGen/DerivedData/Build/Intermediates.noindex/MultiGen.build/Debug/MultiGen.build/Objects-normal/arm64/MultiGen.swiftmodule (in target 'MultiGen' from project 'MultiGen')
    cd /Users/joe/Documents/APP/MultiGen
    builtin-copy -exclude .DS_Store -exclude CVS -exclude .svn -exclude .git -exclude .hg -resolve-src-symlinks -rename /Users/joe/Documents/APP/MultiGen/DerivedData/Build/Intermediates.noindex/MultiGen.build/Debug/MultiGen.build/Objects-normal/arm64/MultiGen.swiftmodule /Users/joe/Documents/APP/MultiGen/DerivedData/Build/Products/Debug/MultiGen.swiftmodule/arm64-apple-macos.swiftmodule

Copy /Users/joe/Documents/APP/MultiGen/DerivedData/Build/Products/Debug/MultiGen.swiftmodule/arm64-apple-macos.abi.json /Users/joe/Documents/APP/MultiGen/DerivedData/Build/Intermediates.noindex/MultiGen.build/Debug/MultiGen.build/Objects-normal/arm64/MultiGen.abi.json (in target 'MultiGen' from project 'MultiGen')
    cd /Users/joe/Documents/APP/MultiGen
    builtin-copy -exclude .DS_Store -exclude CVS -exclude .svn -exclude .git -exclude .hg -resolve-src-symlinks -rename /Users/joe/Documents/APP/MultiGen/DerivedData/Build/Intermediates.noindex/MultiGen.build/Debug/MultiGen.build/Objects-normal/arm64/MultiGen.abi.json /Users/joe/Documents/APP/MultiGen/DerivedData/Build/Products/Debug/MultiGen.swiftmodule/arm64-apple-macos.abi.json

Copy /Users/joe/Documents/APP/MultiGen/DerivedData/Build/Products/Debug/MultiGen.swiftmodule/Project/arm64-apple-macos.swiftsourceinfo /Users/joe/Documents/APP/MultiGen/DerivedData/Build/Intermediates.noindex/MultiGen.build/Debug/MultiGen.build/Objects-normal/arm64/MultiGen.swiftsourceinfo (in target 'MultiGen' from project 'MultiGen')
    cd /Users/joe/Documents/APP/MultiGen
    builtin-copy -exclude .DS_Store -exclude CVS -exclude .svn -exclude .git -exclude .hg -resolve-src-symlinks -rename /Users/joe/Documents/APP/MultiGen/DerivedData/Build/Intermediates.noindex/MultiGen.build/Debug/MultiGen.build/Objects-normal/arm64/MultiGen.swiftsourceinfo /Users/joe/Documents/APP/MultiGen/DerivedData/Build/Products/Debug/MultiGen.swiftmodule/Project/arm64-apple-macos.swiftsourceinfo

Ld /Users/joe/Documents/APP/MultiGen/DerivedData/Build/Products/Debug/MultiGen.app/Contents/MacOS/MultiGen.debug.dylib normal (in target 'MultiGen' from project 'MultiGen')
    cd /Users/joe/Documents/APP/MultiGen
    /Applications/Xcode.app/Contents/Developer/Toolchains/XcodeDefault.xctoolchain/usr/bin/clang -Xlinker -reproducible -target arm64-apple-macos26.0 -dynamiclib -isysroot /Applications/Xcode.app/Contents/Developer/Platforms/MacOSX.platform/Developer/SDKs/MacOSX26.0.sdk -O0 -L/Users/joe/Documents/APP/MultiGen/DerivedData/Build/Intermediates.noindex/EagerLinkingTBDs/Debug -L/Users/joe/Documents/APP/MultiGen/DerivedData/Build/Products/Debug -F/Users/joe/Documents/APP/MultiGen/DerivedData/Build/Intermediates.noindex/EagerLinkingTBDs/Debug -F/Users/joe/Documents/APP/MultiGen/DerivedData/Build/Products/Debug -filelist /Users/joe/Documents/APP/MultiGen/DerivedData/Build/Intermediates.noindex/MultiGen.build/Debug/MultiGen.build/Objects-normal/arm64/MultiGen.LinkFileList -install_name @rpath/MultiGen.debug.dylib -Xlinker -rpath -Xlinker @executable_path/../Frameworks -Xlinker -object_path_lto -Xlinker /Users/joe/Documents/APP/MultiGen/DerivedData/Build/Intermediates.noindex/MultiGen.build/Debug/MultiGen.build/Objects-normal/arm64/MultiGen_lto.o -rdynamic -Xlinker -no_deduplicate -Xlinker -debug_variant -Xlinker -dependency_info -Xlinker /Users/joe/Documents/APP/MultiGen/DerivedData/Build/Intermediates.noindex/MultiGen.build/Debug/MultiGen.build/Objects-normal/arm64/MultiGen_dependency_info.dat -fobjc-link-runtime -fprofile-instr-generate -L/Applications/Xcode.app/Contents/Developer/Toolchains/XcodeDefault.xctoolchain/usr/lib/swift/macosx -L/usr/lib/swift -Xlinker -add_ast_path -Xlinker /Users/joe/Documents/APP/MultiGen/DerivedData/Build/Intermediates.noindex/MultiGen.build/Debug/MultiGen.build/Objects-normal/arm64/MultiGen.swiftmodule @/Users/joe/Documents/APP/MultiGen/DerivedData/Build/Intermediates.noindex/MultiGen.build/Debug/MultiGen.build/Objects-normal/arm64/MultiGen-linker-args.resp -Xlinker -alias -Xlinker _main -Xlinker ___debug_main_executable_dylib_entry_point -o /Users/joe/Documents/APP/MultiGen/DerivedData/Build/Products/Debug/MultiGen.app/Contents/MacOS/MultiGen.debug.dylib

ConstructStubExecutorLinkFileList /Users/joe/Documents/APP/MultiGen/DerivedData/Build/Intermediates.noindex/MultiGen.build/Debug/MultiGen.build/MultiGen-ExecutorLinkFileList-normal-arm64.txt (in target 'MultiGen' from project 'MultiGen')
    cd /Users/joe/Documents/APP/MultiGen
    construct-stub-executor-link-file-list /Users/joe/Documents/APP/MultiGen/DerivedData/Build/Products/Debug/MultiGen.app/Contents/MacOS/MultiGen.debug.dylib /Applications/Xcode.app/Contents/Developer/Platforms/MacOSX.platform/Developer/usr/lib/libPreviewsJITStubExecutor_no_swift_entry_point.a /Applications/Xcode.app/Contents/Developer/Platforms/MacOSX.platform/Developer/usr/lib/libPreviewsJITStubExecutor.a --output /Users/joe/Documents/APP/MultiGen/DerivedData/Build/Intermediates.noindex/MultiGen.build/Debug/MultiGen.build/MultiGen-ExecutorLinkFileList-normal-arm64.txt
note: Using stub executor library with Swift entry point. (in target 'MultiGen' from project 'MultiGen')

Ld /Users/joe/Documents/APP/MultiGen/DerivedData/Build/Products/Debug/MultiGen.app/Contents/MacOS/MultiGen normal (in target 'MultiGen' from project 'MultiGen')
    cd /Users/joe/Documents/APP/MultiGen
    /Applications/Xcode.app/Contents/Developer/Toolchains/XcodeDefault.xctoolchain/usr/bin/clang -Xlinker -reproducible -target arm64-apple-macos26.0 -isysroot /Applications/Xcode.app/Contents/Developer/Platforms/MacOSX.platform/Developer/SDKs/MacOSX26.0.sdk -O0 -L/Users/joe/Documents/APP/MultiGen/DerivedData/Build/Products/Debug -F/Users/joe/Documents/APP/MultiGen/DerivedData/Build/Products/Debug -Xlinker -rpath -Xlinker @executable_path -Xlinker -rpath -Xlinker @executable_path/../Frameworks -rdynamic -Xlinker -no_deduplicate -Xlinker -debug_variant -e ___debug_blank_executor_main -Xlinker -sectcreate -Xlinker __TEXT -Xlinker __debug_dylib -Xlinker /Users/joe/Documents/APP/MultiGen/DerivedData/Build/Intermediates.noindex/MultiGen.build/Debug/MultiGen.build/MultiGen-DebugDylibPath-normal-arm64.txt -Xlinker -sectcreate -Xlinker __TEXT -Xlinker __debug_instlnm -Xlinker /Users/joe/Documents/APP/MultiGen/DerivedData/Build/Intermediates.noindex/MultiGen.build/Debug/MultiGen.build/MultiGen-DebugDylibInstallName-normal-arm64.txt -Xlinker -filelist -Xlinker /Users/joe/Documents/APP/MultiGen/DerivedData/Build/Intermediates.noindex/MultiGen.build/Debug/MultiGen.build/MultiGen-ExecutorLinkFileList-normal-arm64.txt /Users/joe/Documents/APP/MultiGen/DerivedData/Build/Products/Debug/MultiGen.app/Contents/MacOS/MultiGen.debug.dylib -o /Users/joe/Documents/APP/MultiGen/DerivedData/Build/Products/Debug/MultiGen.app/Contents/MacOS/MultiGen

ExtractAppIntentsMetadata (in target 'MultiGen' from project 'MultiGen')
    cd /Users/joe/Documents/APP/MultiGen
    /Applications/Xcode.app/Contents/Developer/Toolchains/XcodeDefault.xctoolchain/usr/bin/appintentsmetadataprocessor --toolchain-dir /Applications/Xcode.app/Contents/Developer/Toolchains/XcodeDefault.xctoolchain --module-name MultiGen --sdk-root /Applications/Xcode.app/Contents/Developer/Platforms/MacOSX.platform/Developer/SDKs/MacOSX26.0.sdk --xcode-version 17A400 --platform-family macOS --deployment-target 26.0 --bundle-identifier bailin.MultiGen --output /Users/joe/Documents/APP/MultiGen/DerivedData/Build/Products/Debug/MultiGen.app/Contents/Resources --target-triple arm64-apple-macos26.0 --binary-file /Users/joe/Documents/APP/MultiGen/DerivedData/Build/Products/Debug/MultiGen.app/Contents/MacOS/MultiGen --dependency-file /Users/joe/Documents/APP/MultiGen/DerivedData/Build/Intermediates.noindex/MultiGen.build/Debug/MultiGen.build/Objects-normal/arm64/MultiGen_dependency_info.dat --stringsdata-file /Users/joe/Documents/APP/MultiGen/DerivedData/Build/Intermediates.noindex/MultiGen.build/Debug/MultiGen.build/Objects-normal/arm64/ExtractedAppShortcutsMetadata.stringsdata --source-file-list /Users/joe/Documents/APP/MultiGen/DerivedData/Build/Intermediates.noindex/MultiGen.build/Debug/MultiGen.build/Objects-normal/arm64/MultiGen.SwiftFileList --metadata-file-list /Users/joe/Documents/APP/MultiGen/DerivedData/Build/Intermediates.noindex/MultiGen.build/Debug/MultiGen.build/MultiGen.DependencyMetadataFileList --static-metadata-file-list /Users/joe/Documents/APP/MultiGen/DerivedData/Build/Intermediates.noindex/MultiGen.build/Debug/MultiGen.build/MultiGen.DependencyStaticMetadataFileList --swift-const-vals-list /Users/joe/Documents/APP/MultiGen/DerivedData/Build/Intermediates.noindex/MultiGen.build/Debug/MultiGen.build/Objects-normal/arm64/MultiGen.SwiftConstValuesFileList --compile-time-extraction --deployment-aware-processing --validate-assistant-intents --no-app-shortcuts-localization
2025-11-13 19:44:02.716 appintentsmetadataprocessor[72070:7205312] Starting appintentsmetadataprocessor export
2025-11-13 19:44:02.718 appintentsmetadataprocessor[72070:7205312] warning: Metadata extraction skipped. No AppIntents.framework dependency found.

CopySwiftLibs /Users/joe/Documents/APP/MultiGen/DerivedData/Build/Products/Debug/MultiGen.app (in target 'MultiGen' from project 'MultiGen')
    cd /Users/joe/Documents/APP/MultiGen
    builtin-swiftStdLibTool --copy --verbose --scan-executable /Users/joe/Documents/APP/MultiGen/DerivedData/Build/Products/Debug/MultiGen.app/Contents/MacOS/MultiGen.debug.dylib --scan-folder /Users/joe/Documents/APP/MultiGen/DerivedData/Build/Products/Debug/MultiGen.app/Contents/Frameworks --scan-folder /Users/joe/Documents/APP/MultiGen/DerivedData/Build/Products/Debug/MultiGen.app/Contents/PlugIns --scan-folder /Users/joe/Documents/APP/MultiGen/DerivedData/Build/Products/Debug/MultiGen.app/Contents/Library/SystemExtensions --scan-folder /Users/joe/Documents/APP/MultiGen/DerivedData/Build/Products/Debug/MultiGen.app/Contents/Extensions --platform macosx --toolchain /Applications/Xcode.app/Contents/Developer/Toolchains/XcodeDefault.xctoolchain --destination /Users/joe/Documents/APP/MultiGen/DerivedData/Build/Products/Debug/MultiGen.app/Contents/Frameworks --strip-bitcode --strip-bitcode-tool /Applications/Xcode.app/Contents/Developer/Toolchains/XcodeDefault.xctoolchain/usr/bin/bitcode_strip --emit-dependency-info /Users/joe/Documents/APP/MultiGen/DerivedData/Build/Intermediates.noindex/MultiGen.build/Debug/MultiGen.build/SwiftStdLibToolInputDependencies.dep --filter-for-swift-os
Ignoring --strip-bitcode because --sign was not passed

ProcessInfoPlistFile /Users/joe/Documents/APP/MultiGen/DerivedData/Build/Products/Debug/MultiGen.app/Contents/Info.plist /Users/joe/Documents/APP/MultiGen/DerivedData/Build/Intermediates.noindex/MultiGen.build/Debug/MultiGen.build/empty-MultiGen.plist (in target 'MultiGen' from project 'MultiGen')
    cd /Users/joe/Documents/APP/MultiGen
    builtin-infoPlistUtility /Users/joe/Documents/APP/MultiGen/DerivedData/Build/Intermediates.noindex/MultiGen.build/Debug/MultiGen.build/empty-MultiGen.plist -producttype com.apple.product-type.application -genpkginfo /Users/joe/Documents/APP/MultiGen/DerivedData/Build/Products/Debug/MultiGen.app/Contents/PkgInfo -expandbuildsettings -platform macosx -additionalcontentfile /Users/joe/Documents/APP/MultiGen/DerivedData/Build/Intermediates.noindex/MultiGen.build/Debug/MultiGen.build/assetcatalog_generated_info.plist -o /Users/joe/Documents/APP/MultiGen/DerivedData/Build/Products/Debug/MultiGen.app/Contents/Info.plist

** BUILD SUCCEEDED **

